🚀 開始自動連續執行實驗 (Experiment 1_1 ~ 1_6)...
🕒 已經設定 START_OFFSET = 86400

==================================================
▶️ 準備執行: start_experiment1_2.sh
==================================================
🧹 Clearing old logs...
🧹 Cleaning target ports...
=== Phase 1: Infrastructure Test (Single Cluster, 2 Compute Nodes) ===
🚀 Starting EFO (Port 7900)...
🚀 Starting Control Nodes...
   -> Control Node cluster_1 (Port 7100)
🚀 Starting Compute Nodes...
   --- Cluster 1 (Connecting to Control Node 7100) ---
      -> Compute Node c1-n1 (Port 7201, GPU 0)
      -> Compute Node c1-n2 (Port 7202, GPU 1)

⏳ Waiting 20 seconds for cluster to register with EFO...
✅ All services started.
   EFO:          http://127.0.0.1:7900
   ControlNodes: 7100
   Logs:         ./experiment_single_cluster_2nodes2_logs/

🧪 Running test_simulation.py...
   EFO_URL=http://127.0.0.1:7900
   TARGET_CLUSTERS=["cluster_1"]
   CLUSTER_PORT_MAP={"cluster_1":7100}

[INFO] 📥 Loading CSV trace...
-----------------------------------------------------------------
[INFO] ✅ Using EFO_URL      : http://127.0.0.1:7900
[INFO] 🎯 Target Clusters    : ['cluster_1']
[INFO] 🧭 Cluster Port Map   : {'cluster_1': 7100}
[INFO] ⏱  Replay Duration    : 28800s (speedup=1.0x, effective=28800.00s)
[INFO] 📦 Requests Count     : 30686
-----------------------------------------------------------------
=================================================================
=== Trace Replay Pressure Simulator ===
=================================================================

[16:23:37] [SYS ] 🚀 Triggering initial SP1 /time_edge (Step 0)...
Traceback (most recent call last):
  File "/home/glenchen/multi-lora/test_simulation.py", line 233, in <module>
    asyncio.run(main())
  File "/home/glenchen/miniconda3/envs/myenv/lib/python3.10/asyncio/runners.py", line 44, in run
    return loop.run_until_complete(main)
  File "/home/glenchen/miniconda3/envs/myenv/lib/python3.10/asyncio/base_events.py", line 636, in run_until_complete
    self.run_forever()
  File "/home/glenchen/miniconda3/envs/myenv/lib/python3.10/asyncio/base_events.py", line 603, in run_forever
    self._run_once()
  File "/home/glenchen/miniconda3/envs/myenv/lib/python3.10/asyncio/base_events.py", line 1871, in _run_once
    event_list = self._selector.select(timeout)
  File "/home/glenchen/miniconda3/envs/myenv/lib/python3.10/selectors.py", line 469, in select
    fd_event_list = self._selector.poll(timeout, max_ev)
KeyboardInterrupt

🛑 Stopping services...

🛑 Stopping services...

🛑 Stopping services...
✅ Stopped.
✅ Stopped.
✅ Stopped.

🧾 Simulation finished with exit code: 130
🛑 Shutting down services...

🛑 Stopping services...
✅ Stopped.
