INFO:     Started server process [72975]
INFO:     Waiting for application startup.
INFO:     Application startup complete.
INFO:     Uvicorn running on http://0.0.0.0:9900 (Press CTRL+C to quit)
2026-03-02 18:04:58,141 [INFO] EFO: 🔗 Cluster Registered: cluster_2
INFO:     127.0.0.1:57744 - "POST /register_cluster HTTP/1.1" 200 OK
2026-03-02 18:04:58,142 [INFO] EFO: 🔗 Cluster Registered: cluster_3
INFO:     127.0.0.1:57746 - "POST /register_cluster HTTP/1.1" 200 OK
2026-03-02 18:04:58,143 [INFO] EFO: 🔗 Cluster Registered: cluster_1
INFO:     127.0.0.1:57762 - "POST /register_cluster HTTP/1.1" 200 OK
2026-03-02 18:05:06,672 [INFO] EFO: 🚀 System initialized via first /time_edge trigger!
2026-03-02 18:05:06,672 [INFO] EFO: 
==================================================
⏱️ [TIME EDGE] Advancing to Time Step 0
==================================================
2026-03-02 18:05:06,672 [ERROR] EFO: ❌ CSV Parsing Error: name 'pd' is not defined
2026-03-02 18:05:06,672 [INFO] EFO: ⚙️ Running SP1 Adaptive CSG-Swap Provisioning...
2026-03-02 18:05:06,672 [INFO] EFO: 📊 [SP1 Result] cluster_2: Target 10/50 LoRAs (New DLs: 10)
2026-03-02 18:05:06,672 [INFO] EFO:    ┣ Local (Mandatory): 10 models
2026-03-02 18:05:06,672 [INFO] EFO:    ┣ Global (Dynamic) : 0 models
2026-03-02 18:05:06,672 [INFO] EFO:    ┗ Provisioned List : ['LoRA_81', 'LoRA_82', 'LoRA_83', 'LoRA_84', 'LoRA_85', 'LoRA_86', 'LoRA_87', 'LoRA_88', 'LoRA_89', 'LoRA_90']
2026-03-02 18:05:06,673 [INFO] EFO: 📊 [SP1 Result] cluster_3: Target 10/50 LoRAs (New DLs: 10)
2026-03-02 18:05:06,673 [INFO] EFO:    ┣ Local (Mandatory): 10 models
2026-03-02 18:05:06,673 [INFO] EFO:    ┣ Global (Dynamic) : 0 models
2026-03-02 18:05:06,673 [INFO] EFO:    ┗ Provisioned List : ['LoRA_100', 'LoRA_91', 'LoRA_92', 'LoRA_93', 'LoRA_94', 'LoRA_95', 'LoRA_96', 'LoRA_97', 'LoRA_98', 'LoRA_99']
2026-03-02 18:05:06,673 [INFO] EFO: 📊 [SP1 Result] cluster_1: Target 10/50 LoRAs (New DLs: 10)
2026-03-02 18:05:06,673 [INFO] EFO:    ┣ Local (Mandatory): 10 models
2026-03-02 18:05:06,673 [INFO] EFO:    ┣ Global (Dynamic) : 0 models
2026-03-02 18:05:06,673 [INFO] EFO:    ┗ Provisioned List : ['LoRA_71', 'LoRA_72', 'LoRA_73', 'LoRA_74', 'LoRA_75', 'LoRA_76', 'LoRA_77', 'LoRA_78', 'LoRA_79', 'LoRA_80']
2026-03-02 18:05:06,673 [INFO] EFO: ⏳ Dispatching SP1 to Control Nodes and WAITING for system drain & reset...
2026-03-02 18:05:06,703 [INFO] EFO: 📊 Global Metrics Polling started (60s interval).
2026-03-02 18:05:06,712 [INFO] EFO: ✅ cluster_2 synced successfully.
2026-03-02 18:05:06,712 [INFO] EFO: ✅ cluster_3 synced successfully.
2026-03-02 18:05:06,712 [INFO] EFO: ✅ cluster_1 synced successfully.
2026-03-02 18:05:06,712 [INFO] EFO: ✨ All clusters have applied SP1 and are ready for the next time step.
INFO:     127.0.0.1:43588 - "POST /time_edge HTTP/1.1" 200 OK
INFO:     Shutting down
INFO:     Waiting for application shutdown.
INFO:     Application shutdown complete.
INFO:     Finished server process [72975]
